The following packages are required but were not found:
  - The "browsers" option requires either "@vitest/browser-playwright", "@vitest/browser-webdriverio", or "@vitest/browser-preview" to be installed.
Please install the missing packages and rerun the test command.
